Archive member included to satisfy reference by file (symbol)

/opt/devkitpro/libgba/lib/libgba.a(interrupt.o)
                              main.o (irqInit)
/opt/devkitpro/libgba/lib/libgba.a(InterruptDispatcher.o)
                              /opt/devkitpro/libgba/lib/libgba.a(interrupt.o) (IntrMain)
/opt/devkitpro/devkitARM/lib/gcc/arm-none-eabi/9.1.0/../../../../arm-none-eabi/lib/libg.a(lib_a-init.o)
                              /opt/devkitpro/devkitARM/lib/gcc/arm-none-eabi/9.1.0/../../../../arm-none-eabi/lib/gba_crt0.o (__libc_init_array)
/opt/devkitpro/devkitARM/lib/gcc/arm-none-eabi/9.1.0/../../../../arm-none-eabi/lib/libg.a(lib_a-memcpy-stub.o)
                              main.o (memcpy)
/opt/devkitpro/devkitARM/lib/gcc/arm-none-eabi/9.1.0/../../../../arm-none-eabi/lib/libsysbase.a(malloc_vars.o)
                              /opt/devkitpro/devkitARM/lib/gcc/arm-none-eabi/9.1.0/../../../../arm-none-eabi/lib/gba_crt0.o (fake_heap_end)

Allocating common symbols
Common symbol       size              file

IntrTable           0x78              /opt/devkitpro/libgba/lib/libgba.a(interrupt.o)

Discarded input sections

 .text          0x0000000000000000        0x0 /opt/devkitpro/devkitARM/lib/gcc/arm-none-eabi/9.1.0/../../../../arm-none-eabi/lib/gba_crt0.o
 .data          0x0000000000000000        0x0 /opt/devkitpro/devkitARM/lib/gcc/arm-none-eabi/9.1.0/../../../../arm-none-eabi/lib/gba_crt0.o
 .bss           0x0000000000000000        0x0 /opt/devkitpro/devkitARM/lib/gcc/arm-none-eabi/9.1.0/../../../../arm-none-eabi/lib/gba_crt0.o
 .text          0x0000000000000000        0x0 /opt/devkitpro/devkitARM/lib/gcc/arm-none-eabi/9.1.0/crti.o
 .data          0x0000000000000000        0x0 /opt/devkitpro/devkitARM/lib/gcc/arm-none-eabi/9.1.0/crti.o
 .bss           0x0000000000000000        0x0 /opt/devkitpro/devkitARM/lib/gcc/arm-none-eabi/9.1.0/crti.o
 .text          0x0000000000000000        0x0 /opt/devkitpro/devkitARM/lib/gcc/arm-none-eabi/9.1.0/crtbegin.o
 .data          0x0000000000000000        0x0 /opt/devkitpro/devkitARM/lib/gcc/arm-none-eabi/9.1.0/crtbegin.o
 .bss           0x0000000000000000        0x0 /opt/devkitpro/devkitARM/lib/gcc/arm-none-eabi/9.1.0/crtbegin.o
 .data.__dso_handle
                0x0000000000000000        0x4 /opt/devkitpro/devkitARM/lib/gcc/arm-none-eabi/9.1.0/crtbegin.o
 .text          0x0000000000000000        0x0 main.o
 .data          0x0000000000000000        0x0 main.o
 .text          0x0000000000000000        0x0 pic.o
 .data          0x0000000000000000        0x0 pic.o
 .bss           0x0000000000000000        0x0 pic.o
 .data          0x0000000000000000        0x0 sand_asm.o
 .bss           0x0000000000000000        0x0 sand_asm.o
 .data          0x0000000000000000        0x0 /opt/devkitpro/libgba/lib/libgba.a(interrupt.o)
 .bss           0x0000000000000000        0x0 /opt/devkitpro/libgba/lib/libgba.a(interrupt.o)
 .text          0x0000000000000000        0x0 /opt/devkitpro/libgba/lib/libgba.a(InterruptDispatcher.o)
 .data          0x0000000000000000        0x0 /opt/devkitpro/libgba/lib/libgba.a(InterruptDispatcher.o)
 .bss           0x0000000000000000        0x0 /opt/devkitpro/libgba/lib/libgba.a(InterruptDispatcher.o)
 .text          0x0000000000000000        0x0 /opt/devkitpro/devkitARM/lib/gcc/arm-none-eabi/9.1.0/../../../../arm-none-eabi/lib/libg.a(lib_a-init.o)
 .data          0x0000000000000000        0x0 /opt/devkitpro/devkitARM/lib/gcc/arm-none-eabi/9.1.0/../../../../arm-none-eabi/lib/libg.a(lib_a-init.o)
 .bss           0x0000000000000000        0x0 /opt/devkitpro/devkitARM/lib/gcc/arm-none-eabi/9.1.0/../../../../arm-none-eabi/lib/libg.a(lib_a-init.o)
 .text          0x0000000000000000        0x0 /opt/devkitpro/devkitARM/lib/gcc/arm-none-eabi/9.1.0/../../../../arm-none-eabi/lib/libg.a(lib_a-memcpy-stub.o)
 .data          0x0000000000000000        0x0 /opt/devkitpro/devkitARM/lib/gcc/arm-none-eabi/9.1.0/../../../../arm-none-eabi/lib/libg.a(lib_a-memcpy-stub.o)
 .bss           0x0000000000000000        0x0 /opt/devkitpro/devkitARM/lib/gcc/arm-none-eabi/9.1.0/../../../../arm-none-eabi/lib/libg.a(lib_a-memcpy-stub.o)
 .text          0x0000000000000000        0x0 /opt/devkitpro/devkitARM/lib/gcc/arm-none-eabi/9.1.0/../../../../arm-none-eabi/lib/libsysbase.a(malloc_vars.o)
 .data          0x0000000000000000        0x0 /opt/devkitpro/devkitARM/lib/gcc/arm-none-eabi/9.1.0/../../../../arm-none-eabi/lib/libsysbase.a(malloc_vars.o)
 .bss           0x0000000000000000        0x0 /opt/devkitpro/devkitARM/lib/gcc/arm-none-eabi/9.1.0/../../../../arm-none-eabi/lib/libsysbase.a(malloc_vars.o)
 .bss.fake_heap_start
                0x0000000000000000        0x4 /opt/devkitpro/devkitARM/lib/gcc/arm-none-eabi/9.1.0/../../../../arm-none-eabi/lib/libsysbase.a(malloc_vars.o)
 .text          0x0000000000000000        0x0 /opt/devkitpro/devkitARM/lib/gcc/arm-none-eabi/9.1.0/crtend.o
 .data          0x0000000000000000        0x0 /opt/devkitpro/devkitARM/lib/gcc/arm-none-eabi/9.1.0/crtend.o
 .bss           0x0000000000000000        0x0 /opt/devkitpro/devkitARM/lib/gcc/arm-none-eabi/9.1.0/crtend.o
 .text          0x0000000000000000        0x0 /opt/devkitpro/devkitARM/lib/gcc/arm-none-eabi/9.1.0/crtn.o
 .data          0x0000000000000000        0x0 /opt/devkitpro/devkitARM/lib/gcc/arm-none-eabi/9.1.0/crtn.o
 .bss           0x0000000000000000        0x0 /opt/devkitpro/devkitARM/lib/gcc/arm-none-eabi/9.1.0/crtn.o

Memory Configuration

Name             Origin             Length             Attributes
rom              0x0000000008000000 0x0000000002000000
iwram            0x0000000003000000 0x0000000000008000
ewram            0x0000000002000000 0x0000000000040000
*default*        0x0000000000000000 0xffffffffffffffff

Linker script and memory map

                0x0000000008000000                __text_start = ORIGIN (rom)
                0x0000000002040000                __eheap_end = (ORIGIN (ewram) + LENGTH (ewram))
                0x0000000003000000                __iwram_start = ORIGIN (iwram)
                0x0000000003008000                __iwram_top = (ORIGIN (iwram) + LENGTH (iwram))
                0x0000000003007fa0                __sp_irq = (__iwram_top - 0x60)
                0x0000000003007f00                __sp_usr = (__sp_irq - 0xa0)
                0x0000000003007ff8                __irq_flags = 0x3007ff8
                0x0000000008000000                . = __text_start

.crt0           0x0000000008000000      0x210
 *(.crt0)
 .crt0          0x0000000008000000      0x210 /opt/devkitpro/devkitARM/lib/gcc/arm-none-eabi/9.1.0/../../../../arm-none-eabi/lib/gba_crt0.o
                0x0000000008000000                _start
                0x00000000080000c4                __boot_method
                0x00000000080000c5                __slave_number
                0x00000000080000e0                start_vector
                0x0000000008000210                . = ALIGN (0x4)

.init           0x0000000008000210       0x18
 *(SORT_NONE(.init))
 .init          0x0000000008000210        0xc /opt/devkitpro/devkitARM/lib/gcc/arm-none-eabi/9.1.0/crti.o
                0x0000000008000210                _init
 .init          0x000000000800021c        0xc /opt/devkitpro/devkitARM/lib/gcc/arm-none-eabi/9.1.0/crtn.o

.plt            0x0000000008000228        0x0
 *(.plt)
                0x0000000008000228                . = ALIGN (0x4)

.text           0x0000000008000228      0x828
 *(EXCLUDE_FILE(*.iwram*) .text*)
 .text.deregister_tm_clones
                0x0000000008000228       0x2c /opt/devkitpro/devkitARM/lib/gcc/arm-none-eabi/9.1.0/crtbegin.o
 .text.register_tm_clones
                0x0000000008000254       0x38 /opt/devkitpro/devkitARM/lib/gcc/arm-none-eabi/9.1.0/crtbegin.o
 .text.__do_global_dtors_aux
                0x000000000800028c       0x44 /opt/devkitpro/devkitARM/lib/gcc/arm-none-eabi/9.1.0/crtbegin.o
 .text.frame_dummy
                0x00000000080002d0       0x34 /opt/devkitpro/devkitARM/lib/gcc/arm-none-eabi/9.1.0/crtbegin.o
 .text.startup  0x0000000008000304       0x9c main.o
                0x0000000008000304                main
 .text          0x00000000080003a0      0x12c sand_asm.o
                0x00000000080003a0                SeedParticles
                0x000000000800040c                UpdateParticles
 .text          0x00000000080004cc      0x3b8 /opt/devkitpro/libgba/lib/libgba.a(interrupt.o)
                0x00000000080004cc                dummy
                0x00000000080004d0                InitInterrupt
                0x000000000800052c                irqInit
                0x0000000008000588                SetInterrupt
                0x000000000800066c                irqSet
                0x0000000008000750                EnableInterrupt
                0x000000000800079c                irqEnable
                0x00000000080007ec                DisableInterrupt
                0x0000000008000838                irqDisable
 .text.__libc_init_array
                0x0000000008000884       0x88 /opt/devkitpro/devkitARM/lib/gcc/arm-none-eabi/9.1.0/../../../../arm-none-eabi/lib/libg.a(lib_a-init.o)
                0x0000000008000884                __libc_init_array
 .text.memcpy   0x000000000800090c      0x124 /opt/devkitpro/devkitARM/lib/gcc/arm-none-eabi/9.1.0/../../../../arm-none-eabi/lib/libg.a(lib_a-memcpy-stub.o)
                0x000000000800090c                memcpy
 .text.memcpy.__stub
                0x0000000008000a30       0x18 linker stubs
 *(.gnu.linkonce.t.*)
 *(.text.*personality*)
 *(.gnu.warning)
 *(.glue_7t)
 .glue_7t       0x0000000008000a50        0x0 linker stubs
 *(.glue_7)
 .glue_7        0x0000000008000a50        0x0 linker stubs
 *(.vfp11_veneer)
 .vfp11_veneer  0x0000000008000a50        0x0 linker stubs
                0x0000000008000a50                . = ALIGN (0x4)
                0x0000000008000a50                __text_end = .

.v4_bx          0x0000000008000a50        0x0
 .v4_bx         0x0000000008000a50        0x0 linker stubs

.iplt           0x0000000008000a50        0x0
 .iplt          0x0000000008000a50        0x0 /opt/devkitpro/devkitARM/lib/gcc/arm-none-eabi/9.1.0/../../../../arm-none-eabi/lib/gba_crt0.o

.fini           0x0000000008000a50       0x18
 *(.fini)
 .fini          0x0000000008000a50        0xc /opt/devkitpro/devkitARM/lib/gcc/arm-none-eabi/9.1.0/crti.o
                0x0000000008000a50                _fini
 .fini          0x0000000008000a5c        0xc /opt/devkitpro/devkitARM/lib/gcc/arm-none-eabi/9.1.0/crtn.o
                0x0000000008000a68                . = ALIGN (0x4)

.rodata         0x0000000008000a68    0x12c20
 *(.rodata)
 .rodata        0x0000000008000a68       0x20 main.o
 .rodata        0x0000000008000a88    0x12c00 pic.o
                0x0000000008000a88                pic
 *all.rodata*(*)
 *(.roda)
 *(.rodata.*)
 *(.gnu.linkonce.r*)
                0x0000000008013688                . = ALIGN (0x4)

.ARM.extab
 *(.ARM.extab* .gnu.linkonce.armextab.*)
                0x0000000008013688                __exidx_start = .

.ARM.exidx
 *(.ARM.exidx* .gnu.linkonce.armexidx.*)
                0x0000000008013688                __exidx_end = .

.ctors          0x0000000008013688        0x0
 *crtbegin.o(.ctors)
 *(EXCLUDE_FILE(*crtend.o) .ctors)
 *(SORT_BY_NAME(.ctors.*))
 *(.ctors)
                0x0000000008013688                . = ALIGN (0x4)

.dtors          0x0000000008013688        0x0
 *crtbegin.o(.dtors)
 *(EXCLUDE_FILE(*crtend.o) .dtors)
 *(SORT_BY_NAME(.dtors.*))
 *(.dtors)
                0x0000000008013688                . = ALIGN (0x4)

.eh_frame       0x0000000008013688        0x4
 *(.eh_frame)
 .eh_frame      0x0000000008013688        0x0 /opt/devkitpro/devkitARM/lib/gcc/arm-none-eabi/9.1.0/crtbegin.o
 .eh_frame      0x0000000008013688        0x4 /opt/devkitpro/devkitARM/lib/gcc/arm-none-eabi/9.1.0/crtend.o
                0x000000000801368c                . = ALIGN (0x4)

.gcc_except_table
                0x000000000801368c        0x0
 *(.gcc_except_table)
                0x000000000801368c                . = ALIGN (0x4)
                0x000000000801368c                __iwram_lma = .

.iwram          0x0000000003000000       0xb8 load address 0x000000000801368c
                0x0000000003000000                __iwram_start__ = ABSOLUTE (.)
 *(.iwram)
 .iwram         0x0000000003000000       0xb8 /opt/devkitpro/libgba/lib/libgba.a(InterruptDispatcher.o)
                0x0000000003000000                IntrMain
 *iwram.*(.text*)
                0x00000000030000b8                . = ALIGN (0x4)
                0x00000000030000b8                __iwram_end__ = ABSOLUTE (.)
                0x0000000008013744                __data_lma = (__iwram_lma + SIZEOF (.iwram))

.rel.dyn        0x00000000030000b8        0x0 load address 0x0000000008013744
 .rel.iplt      0x00000000030000b8        0x0 /opt/devkitpro/devkitARM/lib/gcc/arm-none-eabi/9.1.0/../../../../arm-none-eabi/lib/gba_crt0.o

.bss            0x00000000030000b8      0x3b8
                0x00000000030000b8                __bss_start = ABSOLUTE (.)
                0x00000000030000b8                __bss_start__ = ABSOLUTE (.)
 *(.dynbss)
 *(.gnu.linkonce.b*)
 *(.bss*)
 .bss.completed.9071
                0x00000000030000b8        0x1 /opt/devkitpro/devkitARM/lib/gcc/arm-none-eabi/9.1.0/crtbegin.o
 *fill*         0x00000000030000b9        0x3 
 .bss.object.9076
                0x00000000030000bc       0x18 /opt/devkitpro/devkitARM/lib/gcc/arm-none-eabi/9.1.0/crtbegin.o
 .bss           0x00000000030000d4      0x320 main.o
 .bss.fake_heap_end
                0x00000000030003f4        0x4 /opt/devkitpro/devkitARM/lib/gcc/arm-none-eabi/9.1.0/../../../../arm-none-eabi/lib/libsysbase.a(malloc_vars.o)
                0x00000000030003f4                fake_heap_end
 *(COMMON)
 COMMON         0x00000000030003f8       0x78 /opt/devkitpro/libgba/lib/libgba.a(interrupt.o)
                0x00000000030003f8                IntrTable
                0x0000000003000470                . = ALIGN (0x4)
                0x0000000003000470                __bss_end__ = ABSOLUTE (.)

.data           0x0000000003000470        0x0 load address 0x0000000008013744
                0x0000000003000470                __data_start__ = ABSOLUTE (.)
 *(.data)
 *(.data.*)
 *(.gnu.linkonce.d*)
                0x0000000003000470                . = ALIGN (0x4)
                0x0000000008013744                __preinit_lma = (__data_lma + SIZEOF (.data))

.igot.plt       0x00000000030000b8        0x0 load address 0x0000000008013afc
 .igot.plt      0x00000000030000b8        0x0 /opt/devkitpro/devkitARM/lib/gcc/arm-none-eabi/9.1.0/../../../../arm-none-eabi/lib/gba_crt0.o

.tm_clone_table
                0x00000000030000b8        0x0 load address 0x0000000008013eb4
 .tm_clone_table
                0x00000000030000b8        0x0 /opt/devkitpro/devkitARM/lib/gcc/arm-none-eabi/9.1.0/crtbegin.o
 .tm_clone_table
                0x00000000030000b8        0x0 /opt/devkitpro/devkitARM/lib/gcc/arm-none-eabi/9.1.0/crtend.o

.preinit_array  0x0000000003000470        0x0 load address 0x0000000008013744
                0x0000000003000470                __preinit_array_start = ABSOLUTE (.)
 *(.preinit_array)
                0x0000000003000470                __preinit_array_end = ABSOLUTE (.)
                0x0000000008013744                __init_lma = (__preinit_lma + SIZEOF (.preinit_array))

.init_array     0x0000000003000470        0x4 load address 0x0000000008013744
                0x0000000003000470                __init_array_start = ABSOLUTE (.)
 *(SORT_BY_NAME(.init_array.*))
 *(.init_array)
 .init_array    0x0000000003000470        0x4 /opt/devkitpro/devkitARM/lib/gcc/arm-none-eabi/9.1.0/crtbegin.o
                0x0000000003000474                __init_array_end = ABSOLUTE (.)
                0x0000000008013748                __fini_lma = (__init_lma + SIZEOF (.init_array))

.fini_array     0x0000000003000474        0x4 load address 0x0000000008013748
                0x0000000003000474                __fini_array_start = ABSOLUTE (.)
 *(SORT_BY_NAME(.fini_array.*))
 *(.fini_array)
 .fini_array    0x0000000003000474        0x4 /opt/devkitpro/devkitARM/lib/gcc/arm-none-eabi/9.1.0/crtbegin.o
                0x0000000003000478                __fini_array_end = ABSOLUTE (.)
                0x000000000801374c                __jcr_lma = (__fini_lma + SIZEOF (.fini_array))

.jcr            0x0000000003000478        0x0 load address 0x000000000801374c
 *(.jcr)
                0x0000000003000478                __data_end__ = ABSOLUTE (.)
                0x000000000801374c                __iwram_overlay_lma = (__jcr_lma + SIZEOF (.jcr))
                0x0000000003000478                __iwram_overlay_start = .

.iwram0         0x0000000003000478        0x0 load address 0x000000000801374c
 *(.iwram0)
                0x0000000003000478                . = ALIGN (0x4)
                0x000000000801374c                PROVIDE (__load_start_iwram0 = LOADADDR (.iwram0))
                0x000000000801374c                PROVIDE (__load_stop_iwram0 = (LOADADDR (.iwram0) + SIZEOF (.iwram0)))

.iwram1         0x0000000003000478        0x0
 *(.iwram1)
                0x0000000003000478                . = ALIGN (0x4)
                [!provide]                        PROVIDE (__load_start_iwram1 = LOADADDR (.iwram1))
                [!provide]                        PROVIDE (__load_stop_iwram1 = (LOADADDR (.iwram1) + SIZEOF (.iwram1)))

.iwram2         0x0000000003000478        0x0
 *(.iwram2)
                0x0000000003000478                . = ALIGN (0x4)
                [!provide]                        PROVIDE (__load_start_iwram2 = LOADADDR (.iwram2))
                [!provide]                        PROVIDE (__load_stop_iwram2 = (LOADADDR (.iwram2) + SIZEOF (.iwram2)))

.iwram3         0x0000000003000478        0x0
 *(.iwram3)
                0x0000000003000478                . = ALIGN (0x4)
                [!provide]                        PROVIDE (__load_start_iwram3 = LOADADDR (.iwram3))
                [!provide]                        PROVIDE (__load_stop_iwram3 = (LOADADDR (.iwram3) + SIZEOF (.iwram3)))

.iwram4         0x0000000003000478        0x0
 *(.iwram4)
                0x0000000003000478                . = ALIGN (0x4)
                [!provide]                        PROVIDE (__load_start_iwram4 = LOADADDR (.iwram4))
                [!provide]                        PROVIDE (__load_stop_iwram4 = (LOADADDR (.iwram4) + SIZEOF (.iwram4)))

.iwram5         0x0000000003000478        0x0
 *(.iwram5)
                0x0000000003000478                . = ALIGN (0x4)
                [!provide]                        PROVIDE (__load_start_iwram5 = LOADADDR (.iwram5))
                [!provide]                        PROVIDE (__load_stop_iwram5 = (LOADADDR (.iwram5) + SIZEOF (.iwram5)))

.iwram6         0x0000000003000478        0x0
 *(.iwram6)
                0x0000000003000478                . = ALIGN (0x4)
                [!provide]                        PROVIDE (__load_start_iwram6 = LOADADDR (.iwram6))
                [!provide]                        PROVIDE (__load_stop_iwram6 = (LOADADDR (.iwram6) + SIZEOF (.iwram6)))

.iwram7         0x0000000003000478        0x0
 *(.iwram7)
                0x0000000003000478                . = ALIGN (0x4)
                [!provide]                        PROVIDE (__load_start_iwram7 = LOADADDR (.iwram7))
                [!provide]                        PROVIDE (__load_stop_iwram7 = (LOADADDR (.iwram7) + SIZEOF (.iwram7)))

.iwram8         0x0000000003000478        0x0
 *(.iwram8)
                0x0000000003000478                . = ALIGN (0x4)
                [!provide]                        PROVIDE (__load_start_iwram8 = LOADADDR (.iwram8))
                [!provide]                        PROVIDE (__load_stop_iwram8 = (LOADADDR (.iwram8) + SIZEOF (.iwram8)))

.iwram9         0x0000000003000478        0x0
 *(.iwram9)
                0x0000000003000478                . = ALIGN (0x4)
                [!provide]                        PROVIDE (__load_start_iwram9 = LOADADDR (.iwram9))
                [!provide]                        PROVIDE (__load_stop_iwram9 = (LOADADDR (.iwram9) + SIZEOF (.iwram9)))
                0x0000000003000478                __iwram_overlay_end = .
                0x000000000801374c                __ewram_lma = (__iwram_overlay_lma + (__iwram_overlay_end - __iwram_overlay_start))
                0x0000000003000478                __iheap_start = .
                0x0000000002000000                __ewram_start = ORIGIN (ewram)

.ewram          0x0000000002000000        0x0 load address 0x000000000801374c
 *(.ewram)
                0x0000000002000000                . = ALIGN (0x4)
                0x0000000002000000                __ewram_end = ABSOLUTE (.)
                0x000000000801374c                __pad_lma = (__ewram_lma + SIZEOF (.ewram))

.sbss           0x0000000002000000        0x0
                0x0000000002000000                __sbss_start__ = ABSOLUTE (.)
 *(.sbss)
                0x0000000002000000                . = ALIGN (0x4)
                0x0000000002000000                __sbss_end__ = ABSOLUTE (.)
                0x0000000002000000                __end__ = ABSOLUTE (.)
                0x0000000002000000                __eheap_start = ABSOLUTE (.)

.pad            0x0000000002000000        0x8 load address 0x000000000801374c
                0x0000000002000000        0x4 LONG 0x52416b64
                0x0000000002000004        0x4 LONG 0x4d
                0x0000000002000008                . = ALIGN (0x4)
                0x0000000008013754                __rom_end__ = (__pad_lma + SIZEOF (.pad))

.stab
 *(.stab)

.stabstr
 *(.stabstr)

.stab.excl
 *(.stab.excl)

.stab.exclstr
 *(.stab.exclstr)

.stab.index
 *(.stab.index)

.stab.indexstr
 *(.stab.indexstr)

.comment        0x0000000000000000       0x44
 *(.comment)
 .comment       0x0000000000000000       0x22 /opt/devkitpro/devkitARM/lib/gcc/arm-none-eabi/9.1.0/crtbegin.o
                                         0x23 (size before relaxing)
 .comment       0x0000000000000022       0x23 main.o
 .comment       0x0000000000000022       0x23 pic.o
 .comment       0x0000000000000022       0x22 /opt/devkitpro/libgba/lib/libgba.a(interrupt.o)
                                         0x23 (size before relaxing)
 .comment       0x0000000000000044       0x23 /opt/devkitpro/devkitARM/lib/gcc/arm-none-eabi/9.1.0/../../../../arm-none-eabi/lib/libg.a(lib_a-init.o)
 .comment       0x0000000000000044       0x23 /opt/devkitpro/devkitARM/lib/gcc/arm-none-eabi/9.1.0/../../../../arm-none-eabi/lib/libg.a(lib_a-memcpy-stub.o)
 .comment       0x0000000000000044       0x23 /opt/devkitpro/devkitARM/lib/gcc/arm-none-eabi/9.1.0/../../../../arm-none-eabi/lib/libsysbase.a(malloc_vars.o)
 .comment       0x0000000000000044       0x23 /opt/devkitpro/devkitARM/lib/gcc/arm-none-eabi/9.1.0/crtend.o

.debug
 *(.debug)

.line
 *(.line)

.debug_srcinfo
 *(.debug_srcinfo)

.debug_sfnames
 *(.debug_sfnames)

.debug_aranges  0x0000000000000000       0x78
 *(.debug_aranges)
 .debug_aranges
                0x0000000000000000       0x20 main.o
 .debug_aranges
                0x0000000000000020       0x18 pic.o
 .debug_aranges
                0x0000000000000038       0x20 /opt/devkitpro/libgba/lib/libgba.a(interrupt.o)
 .debug_aranges
                0x0000000000000058       0x20 /opt/devkitpro/libgba/lib/libgba.a(InterruptDispatcher.o)

.debug_pubnames
 *(.debug_pubnames)

.debug_info     0x0000000000000000     0x1151
 *(.debug_info)
 .debug_info    0x0000000000000000      0xcb7 main.o
 .debug_info    0x0000000000000cb7       0x59 pic.o
 .debug_info    0x0000000000000d10      0x41b /opt/devkitpro/libgba/lib/libgba.a(interrupt.o)
 .debug_info    0x000000000000112b       0x26 /opt/devkitpro/libgba/lib/libgba.a(InterruptDispatcher.o)

.debug_abbrev   0x0000000000000000      0x526
 *(.debug_abbrev)
 .debug_abbrev  0x0000000000000000      0x2dd main.o
 .debug_abbrev  0x00000000000002dd       0x47 pic.o
 .debug_abbrev  0x0000000000000324      0x1ee /opt/devkitpro/libgba/lib/libgba.a(interrupt.o)
 .debug_abbrev  0x0000000000000512       0x14 /opt/devkitpro/libgba/lib/libgba.a(InterruptDispatcher.o)

.debug_line     0x0000000000000000      0x905
 *(.debug_line)
 .debug_line    0x0000000000000000      0x24f main.o
 .debug_line    0x000000000000024f       0x56 pic.o
 .debug_line    0x00000000000002a5      0x5ae /opt/devkitpro/libgba/lib/libgba.a(interrupt.o)
 .debug_line    0x0000000000000853       0xb2 /opt/devkitpro/libgba/lib/libgba.a(InterruptDispatcher.o)

.debug_frame    0x0000000000000000       0xdc
 *(.debug_frame)
 .debug_frame   0x0000000000000000       0x2c main.o
 .debug_frame   0x000000000000002c       0xb0 /opt/devkitpro/libgba/lib/libgba.a(interrupt.o)

.debug_str      0x0000000000000000      0x8cd
 *(.debug_str)
 .debug_str     0x0000000000000000      0x6ac main.o
                                        0x724 (size before relaxing)
 .debug_str     0x00000000000006ac       0x36 pic.o
                                         0xee (size before relaxing)
 .debug_str     0x00000000000006e2      0x18b /opt/devkitpro/libgba/lib/libgba.a(interrupt.o)
                                        0x310 (size before relaxing)
 .debug_str     0x000000000000086d       0x60 /opt/devkitpro/libgba/lib/libgba.a(InterruptDispatcher.o)
                                         0xa0 (size before relaxing)

.debug_loc      0x0000000000000000      0x472
 *(.debug_loc)
 .debug_loc     0x0000000000000000       0x2c main.o
 .debug_loc     0x000000000000002c      0x446 /opt/devkitpro/libgba/lib/libgba.a(interrupt.o)

.debug_macinfo
 *(.debug_macinfo)

.debug_weaknames
 *(.debug_weaknames)

.debug_funcnames
 *(.debug_funcnames)

.debug_typenames
 *(.debug_typenames)

.debug_varnames
 *(.debug_varnames)

.stack          0x0000000000080000        0x0
                0x0000000000080000                _stack = .
 *(.stack)

.note.gnu.arm.ident
 *(.note.gnu.arm.ident)

.ARM.attributes
                0x0000000000000000       0x2c
 *(.ARM.attributes)
 .ARM.attributes
                0x0000000000000000       0x20 /opt/devkitpro/devkitARM/lib/gcc/arm-none-eabi/9.1.0/../../../../arm-none-eabi/lib/gba_crt0.o
 .ARM.attributes
                0x0000000000000020       0x1c /opt/devkitpro/devkitARM/lib/gcc/arm-none-eabi/9.1.0/crti.o
 .ARM.attributes
                0x000000000000003c       0x2a /opt/devkitpro/devkitARM/lib/gcc/arm-none-eabi/9.1.0/crtbegin.o
 .ARM.attributes
                0x0000000000000066       0x26 main.o
 .ARM.attributes
                0x000000000000008c       0x2c pic.o
 .ARM.attributes
                0x00000000000000b8       0x1a sand_asm.o
 .ARM.attributes
                0x00000000000000d2       0x2a /opt/devkitpro/libgba/lib/libgba.a(interrupt.o)
 .ARM.attributes
                0x00000000000000fc       0x1a /opt/devkitpro/libgba/lib/libgba.a(InterruptDispatcher.o)
 .ARM.attributes
                0x0000000000000116       0x2a /opt/devkitpro/devkitARM/lib/gcc/arm-none-eabi/9.1.0/../../../../arm-none-eabi/lib/libg.a(lib_a-init.o)
 .ARM.attributes
                0x0000000000000140       0x2a /opt/devkitpro/devkitARM/lib/gcc/arm-none-eabi/9.1.0/../../../../arm-none-eabi/lib/libg.a(lib_a-memcpy-stub.o)
 .ARM.attributes
                0x000000000000016a       0x30 /opt/devkitpro/devkitARM/lib/gcc/arm-none-eabi/9.1.0/../../../../arm-none-eabi/lib/libsysbase.a(malloc_vars.o)
 .ARM.attributes
                0x000000000000019a       0x30 /opt/devkitpro/devkitARM/lib/gcc/arm-none-eabi/9.1.0/crtend.o
 .ARM.attributes
                0x00000000000001ca       0x1c /opt/devkitpro/devkitARM/lib/gcc/arm-none-eabi/9.1.0/crtn.o

/DISCARD/
 *(.note.GNU-stack)
LOAD /opt/devkitpro/devkitARM/lib/gcc/arm-none-eabi/9.1.0/../../../../arm-none-eabi/lib/gba_crt0.o
LOAD /opt/devkitpro/devkitARM/lib/gcc/arm-none-eabi/9.1.0/crti.o
LOAD /opt/devkitpro/devkitARM/lib/gcc/arm-none-eabi/9.1.0/crtbegin.o
LOAD main.o
LOAD pic.o
LOAD sand_asm.o
LOAD /opt/devkitpro/libgba/lib/libgba.a
START GROUP
LOAD /opt/devkitpro/devkitARM/lib/gcc/arm-none-eabi/9.1.0/libgcc.a
LOAD /opt/devkitpro/devkitARM/lib/gcc/arm-none-eabi/9.1.0/../../../../arm-none-eabi/lib/libg.a
LOAD /opt/devkitpro/devkitARM/lib/gcc/arm-none-eabi/9.1.0/../../../../arm-none-eabi/lib/libc.a
LOAD /opt/devkitpro/devkitARM/lib/gcc/arm-none-eabi/9.1.0/../../../../arm-none-eabi/lib/libsysbase.a
END GROUP
LOAD /opt/devkitpro/devkitARM/lib/gcc/arm-none-eabi/9.1.0/crtend.o
LOAD /opt/devkitpro/devkitARM/lib/gcc/arm-none-eabi/9.1.0/crtn.o
OUTPUT(/home/esat/Desktop/2B2_TA_artilesdi/sand/sand.elf elf32-littlearm)

.debug_ranges   0x0000000000000000       0x80
 .debug_ranges  0x0000000000000000       0x10 main.o
 .debug_ranges  0x0000000000000010       0x70 /opt/devkitpro/libgba/lib/libgba.a(interrupt.o)
